{"logTime": "1003/050529", "correlationVector":"FIlPEkhTVl1wBw8Y9mog1Y","action":"Initial GetUpdates", "result":"", "context":Reason: NEWLY_SUPPORTED_DATATYPE. cV=FIlPEkhTVl1wBw8Y9mog1Y}
{"logTime": "1003/050530", "correlationVector":"FIlPEkhTVl1wBw8Y9mog1Y.1","action":"SyncServerConnectionManagerRequest", "result":"SYNC_SERVER_OK", "context":{"environment":"Prod_northcentralus_prod-s01-050-nam-northcentralus", "migrationStage":"NotStarted", "server":"aksw25001000001"}}
{"logTime": "1003/050530", "correlationVector":"FIlPEkhTVl1wBw8Y9mog1Y.2","action":"ProcessGetUpdates", "result":"Done", "context":{"dataType":"Bookmarks", "deleted":"0", "process_failed_to_decrypt":"0", "process_pending_decryption":"0", "process_success":"246", "total":"246"}}
{"logTime": "1003/050530", "correlationVector":"FIlPEkhTVl1wBw8Y9mog1Y.3","action":"ProcessGetUpdates", "result":"Done", "context":{"dataType":"Autofill", "deleted":"0", "process_failed_to_decrypt":"0", "process_pending_decryption":"0", "process_success":"1", "total":"1"}}
{"logTime": "1003/050530", "correlationVector":"FIlPEkhTVl1wBw8Y9mog1Y.4","action":"ProcessGetUpdates", "result":"Done", "context":{"dataType":"Saved Tab Group", "deleted":"3", "process_failed_to_decrypt":"0", "process_pending_decryption":"0", "process_success":"3", "total":"3"}}
{"logTime": "1003/050530", "correlationVector":"FIlPEkhTVl1wBw8Y9mog1Y.5","action":"GetUpdates Response", "result":"Success", "context":Received 250 update(s). cV=FIlPEkhTVl1wBw8Y9mog1Y.0;server=aksw25001000001;cloudType=Multitenant;environment=Prod_northcentralus_prod-s01-050-nam-northcentralus;migrationStage=NotStarted Some updates remain.}
{"logTime": "1003/050530", "correlationVector":"KDVsE+QHW8oEB1tZvn3y39","action":"Initial GetUpdates", "result":"", "context":Reason: NEWLY_SUPPORTED_DATATYPE. cV=KDVsE+QHW8oEB1tZvn3y39}
{"logTime": "1003/050531", "correlationVector":"KDVsE+QHW8oEB1tZvn3y39.1","action":"SyncServerConnectionManagerRequest", "result":"SYNC_SERVER_OK", "context":{"environment":"Prod_northcentralus_prod-s01-050-nam-northcentralus", "migrationStage":"NotStarted", "server":"aksw2500100000k"}}
{"logTime": "1003/050531", "correlationVector":"KDVsE+QHW8oEB1tZvn3y39.2","action":"ProcessGetUpdates", "result":"Done", "context":{"dataType":"Bookmarks", "deleted":"0", "process_failed_to_decrypt":"0", "process_pending_decryption":"0", "process_success":"209", "total":"209"}}
{"logTime": "1003/050531", "correlationVector":"KDVsE+QHW8oEB1tZvn3y39.3","action":"ProcessGetUpdates", "result":"Done", "context":{"dataType":"Preferences", "deleted":"0", "process_failed_to_decrypt":"0", "process_pending_decryption":"0", "process_success":"41", "total":"41"}}
{"logTime": "1003/050531", "correlationVector":"KDVsE+QHW8oEB1tZvn3y39.4","action":"GetUpdates Response", "result":"Success", "context":Received 250 update(s). cV=KDVsE+QHW8oEB1tZvn3y39.0;server=aksw2500100000k;cloudType=Multitenant;environment=Prod_northcentralus_prod-s01-050-nam-northcentralus;migrationStage=NotStarted Some updates remain.}
{"logTime": "1003/050531", "correlationVector":"6cavKbC11jliDlFbJ/+Cw7","action":"Initial GetUpdates", "result":"", "context":Reason: NEWLY_SUPPORTED_DATATYPE. cV=6cavKbC11jliDlFbJ/+Cw7}
{"logTime": "1003/050531", "correlationVector":"6cavKbC11jliDlFbJ/+Cw7.1","action":"SyncServerConnectionManagerRequest", "result":"SYNC_SERVER_OK", "context":{"environment":"Prod_northcentralus_prod-s01-050-nam-northcentralus", "migrationStage":"NotStarted", "server":"aksw2500100000h"}}
{"logTime": "1003/050531", "correlationVector":"6cavKbC11jliDlFbJ/+Cw7.2","action":"ProcessGetUpdates", "result":"Done", "context":{"dataType":"Preferences", "deleted":"0", "process_failed_to_decrypt":"0", "process_pending_decryption":"0", "process_success":"33", "total":"33"}}
{"logTime": "1003/050531", "correlationVector":"6cavKbC11jliDlFbJ/+Cw7.3","action":"ProcessGetUpdates", "result":"Done", "context":{"dataType":"Autofill Profiles", "deleted":"0", "process_failed_to_decrypt":"0", "process_pending_decryption":"0", "process_success":"22", "total":"22"}}
{"logTime": "1003/050531", "correlationVector":"6cavKbC11jliDlFbJ/+Cw7.4","action":"ProcessGetUpdates", "result":"Done", "context":{"dataType":"Autofill", "deleted":"0", "process_failed_to_decrypt":"0", "process_pending_decryption":"0", "process_success":"195", "total":"195"}}
{"logTime": "1003/050531", "correlationVector":"6cavKbC11jliDlFbJ/+Cw7.5","action":"GetUpdates Response", "result":"Success", "context":Received 250 update(s). cV=6cavKbC11jliDlFbJ/+Cw7.0;server=aksw2500100000h;cloudType=Multitenant;environment=Prod_northcentralus_prod-s01-050-nam-northcentralus;migrationStage=NotStarted Some updates remain.}
{"logTime": "1003/050531", "correlationVector":"28lKSdPO2ZtF59RlXc4BdW","action":"Initial GetUpdates", "result":"", "context":Reason: NEWLY_SUPPORTED_DATATYPE. cV=28lKSdPO2ZtF59RlXc4BdW}
{"logTime": "1003/050531", "correlationVector":"28lKSdPO2ZtF59RlXc4BdW.1","action":"SyncServerConnectionManagerRequest", "result":"SYNC_SERVER_OK", "context":{"environment":"Prod_northcentralus_prod-s01-050-nam-northcentralus", "migrationStage":"NotStarted", "server":"aksw25001000004"}}
{"logTime": "1003/050531", "correlationVector":"28lKSdPO2ZtF59RlXc4BdW.2","action":"ProcessGetUpdates", "result":"Done", "context":{"dataType":"Bookmarks", "deleted":"0", "process_failed_to_decrypt":"0", "process_pending_decryption":"0", "process_success":"23", "total":"23"}}
{"logTime": "1003/050531", "correlationVector":"28lKSdPO2ZtF59RlXc4BdW.3","action":"ProcessGetUpdates", "result":"Done", "context":{"dataType":"Autofill", "deleted":"0", "process_failed_to_decrypt":"0", "process_pending_decryption":"0", "process_success":"227", "total":"227"}}
{"logTime": "1003/050531", "correlationVector":"28lKSdPO2ZtF59RlXc4BdW.4","action":"GetUpdates Response", "result":"Success", "context":Received 250 update(s). cV=28lKSdPO2ZtF59RlXc4BdW.0;server=aksw25001000004;cloudType=Multitenant;environment=Prod_northcentralus_prod-s01-050-nam-northcentralus;migrationStage=NotStarted Some updates remain.}
{"logTime": "1003/050531", "correlationVector":"3EuY2x/dDILJp4IGtGzsTB","action":"Initial GetUpdates", "result":"", "context":Reason: NEWLY_SUPPORTED_DATATYPE. cV=3EuY2x/dDILJp4IGtGzsTB}
{"logTime": "1003/050532", "correlationVector":"3EuY2x/dDILJp4IGtGzsTB.1","action":"SyncServerConnectionManagerRequest", "result":"SYNC_SERVER_OK", "context":{"environment":"Prod_northcentralus_prod-s01-050-nam-northcentralus", "migrationStage":"NotStarted", "server":"aksw2500100000a"}}
{"logTime": "1003/050532", "correlationVector":"3EuY2x/dDILJp4IGtGzsTB.2","action":"ProcessGetUpdates", "result":"Done", "context":{"dataType":"Autofill", "deleted":"0", "process_failed_to_decrypt":"0", "process_pending_decryption":"0", "process_success":"249", "total":"249"}}
{"logTime": "1003/050532", "correlationVector":"3EuY2x/dDILJp4IGtGzsTB.3","action":"ProcessGetUpdates", "result":"Done", "context":{"dataType":"Web Apps", "deleted":"0", "process_failed_to_decrypt":"0", "process_pending_decryption":"0", "process_success":"1", "total":"1"}}
{"logTime": "1003/050532", "correlationVector":"3EuY2x/dDILJp4IGtGzsTB.4","action":"GetUpdates Response", "result":"Success", "context":Received 250 update(s). cV=3EuY2x/dDILJp4IGtGzsTB.0;server=aksw2500100000a;cloudType=Multitenant;environment=Prod_northcentralus_prod-s01-050-nam-northcentralus;migrationStage=NotStarted Some updates remain.}
{"logTime": "1003/050532", "correlationVector":"Ug9F8OzgBn+9w6bgnr6N6F","action":"Initial GetUpdates", "result":"", "context":Reason: NEWLY_SUPPORTED_DATATYPE. cV=Ug9F8OzgBn+9w6bgnr6N6F}
{"logTime": "1003/050533", "correlationVector":"Ug9F8OzgBn+9w6bgnr6N6F.1","action":"SyncServerConnectionManagerRequest", "result":"SYNC_SERVER_OK", "context":{"environment":"Prod_northcentralus_prod-s01-050-nam-northcentralus", "migrationStage":"NotStarted", "server":"aksw25001000004"}}
{"logTime": "1003/050533", "correlationVector":"Ug9F8OzgBn+9w6bgnr6N6F.2","action":"ProcessGetUpdates", "result":"Done", "context":{"dataType":"Autofill", "deleted":"0", "process_failed_to_decrypt":"0", "process_pending_decryption":"0", "process_success":"226", "total":"226"}}
{"logTime": "1003/050533", "correlationVector":"Ug9F8OzgBn+9w6bgnr6N6F.3","action":"ProcessGetUpdates", "result":"Done", "context":{"dataType":"Extensions", "deleted":"0", "process_failed_to_decrypt":"0", "process_pending_decryption":"0", "process_success":"2", "total":"2"}}
{"logTime": "1003/050533", "correlationVector":"Ug9F8OzgBn+9w6bgnr6N6F.4","action":"ProcessGetUpdates", "result":"Done", "context":{"dataType":"Extension settings", "deleted":"0", "process_failed_to_decrypt":"0", "process_pending_decryption":"0", "process_success":"22", "total":"22"}}
{"logTime": "1003/050533", "correlationVector":"Ug9F8OzgBn+9w6bgnr6N6F.5","action":"GetUpdates Response", "result":"Success", "context":Received 250 update(s). cV=Ug9F8OzgBn+9w6bgnr6N6F.0;server=aksw25001000004;cloudType=Multitenant;environment=Prod_northcentralus_prod-s01-050-nam-northcentralus;migrationStage=NotStarted Some updates remain.}
{"logTime": "1003/050533", "correlationVector":"VXPz+dlKQEP1+UCAZ7Ucfp","action":"Initial GetUpdates", "result":"", "context":Reason: NEWLY_SUPPORTED_DATATYPE. cV=VXPz+dlKQEP1+UCAZ7Ucfp}
{"logTime": "1003/050533", "correlationVector":"VXPz+dlKQEP1+UCAZ7Ucfp.1","action":"SyncServerConnectionManagerRequest", "result":"SYNC_SERVER_OK", "context":{"environment":"Prod_northcentralus_prod-s01-050-nam-northcentralus", "migrationStage":"NotStarted", "server":"aksw2500100000a"}}
{"logTime": "1003/050533", "correlationVector":"VXPz+dlKQEP1+UCAZ7Ucfp.2","action":"ProcessGetUpdates", "result":"Done", "context":{"dataType":"Autofill", "deleted":"0", "process_failed_to_decrypt":"0", "process_pending_decryption":"0", "process_success":"250", "total":"250"}}
{"logTime": "1003/050533", "correlationVector":"VXPz+dlKQEP1+UCAZ7Ucfp.3","action":"GetUpdates Response", "result":"Success", "context":Received 250 update(s). cV=VXPz+dlKQEP1+UCAZ7Ucfp.0;server=aksw2500100000a;cloudType=Multitenant;environment=Prod_northcentralus_prod-s01-050-nam-northcentralus;migrationStage=NotStarted Some updates remain.}
{"logTime": "1003/050533", "correlationVector":"eEdN/oJ1AN6lhyPpYDtgPo","action":"Initial GetUpdates", "result":"", "context":Reason: NEWLY_SUPPORTED_DATATYPE. cV=eEdN/oJ1AN6lhyPpYDtgPo}
{"logTime": "1003/050533", "correlationVector":"eEdN/oJ1AN6lhyPpYDtgPo","action":"SyncServerConnectionManagerRequest", "result":"CONNECTION_UNAVAILABLE", "context":{"error_type":"net_error_code", "error_value":"-3"}}
