2026-10-03 05:05:29.716: [INFO][Sync] SyncState after authenticated was: FeatureCanStart
2026-10-03 05:05:29.879: [INFO][SyncAuthManager::SetLastAuthError] Current auth error: None
2026-10-03 05:05:29.879: [INFO][SyncAuthManager::EdgeLogTokenErrorState] Token error with: None for account type: AAD
2026-10-03 05:05:29.879: [INFO][Sync] Credentials changed for: EdgeSyncKeyDataScope
2026-10-03 05:05:29.879: [INFO][Sync] Try to start sync engine
2026-10-03 05:05:29.883: [INFO][SyncEngineBackend::LoadAndConnectNigoriController] Load and connect Nigori controller
2026-10-03 05:05:29.883: [INFO][SyncEngineBackend::DoInitialize] Control Types added: 
2026-10-03 05:05:29.883: [INFO][SyncManagerImpl::ConfigureSyncer] Types to download:  with reason: 4
2026-10-03 05:05:29.884: [INFO][SyncEngineBackend::DoUpdateKeyDataCredentials] Update key data credentials
2026-10-03 05:05:29.886: [INFO][Sync] Started DataTypeManager configuration, reason: 4
2026-10-03 05:05:29.886: [INFO][Sync] Configuring for: Bookmarks, Preferences, Passwords, Autofill Profiles, Autofill, Extensions, Sessions, Extension settings, History Delete Directives, Device Info, User Consents, Send Tab To Self, Web Apps, History, Saved Tab Group, WebAuthn Credentials, Edge Hub App Usage, Edge Workspace, Encryption Keys, reason: 4, current state: 0
2026-10-03 05:05:29.886: [INFO][SyncEngineBackend::DoStartConfiguration] Start configuration
2026-10-03 05:05:29.887: [INFO][Sync] Configure, desired: Bookmarks, Preferences, Passwords, Autofill Profiles, Autofill, Extensions, Sessions, Extension settings, History Delete Directives, Device Info, User Consents, Send Tab To Self, Web Apps, History, Saved Tab Group, WebAuthn Credentials, Edge Hub App Usage, Edge Workspace, Encryption Keys; Allow fail: 
2026-10-03 05:05:29.887: [INFO][Sync] Loading: Bookmarks
2026-10-03 05:05:29.887: [INFO][Sync] Loading: Preferences
2026-10-03 05:05:29.887: [INFO][Sync] Loading: Passwords
2026-10-03 05:05:29.887: [INFO][Sync] Loading: Autofill Profiles
2026-10-03 05:05:29.887: [INFO][Sync] Loading: Autofill
2026-10-03 05:05:29.887: [INFO][Sync] Loading: Extensions
2026-10-03 05:05:29.887: [INFO][Sync] Loading: Sessions
2026-10-03 05:05:29.887: [INFO][Sync] Loading: Extension settings
2026-10-03 05:05:29.887: [INFO][Sync] Loading: History Delete Directives
2026-10-03 05:05:29.888: [INFO][Sync] Loading: Device Info
2026-10-03 05:05:29.888: [INFO][Sync] Loading: User Consents
2026-10-03 05:05:29.888: [INFO][Sync] Loading: Send Tab To Self
2026-10-03 05:05:29.888: [INFO][Sync] Loading: Web Apps
2026-10-03 05:05:29.888: [INFO][Sync] Loading: History
2026-10-03 05:05:29.888: [INFO][Sync] Loading: Saved Tab Group
2026-10-03 05:05:29.888: [INFO][Sync] Loading: WebAuthn Credentials
2026-10-03 05:05:29.888: [INFO][Sync] Loading: Edge Hub App Usage
2026-10-03 05:05:29.888: [INFO][Sync] Loading: Edge Workspace
2026-10-03 05:05:29.889: [INFO][Sync] All data types are ready for configure.
2026-10-03 05:05:29.889: [INFO][SyncManagerImpl::NudgeForInitialDownload] Initial download nudge for Bookmarks
2026-10-03 05:05:29.889: [INFO][SyncManagerImpl::NudgeForInitialDownload] Initial download nudge for Preferences
2026-10-03 05:05:29.889: [INFO][SyncManagerImpl::NudgeForInitialDownload] Initial download nudge for Autofill Profiles
2026-10-03 05:05:29.889: [INFO][SyncManagerImpl::NudgeForInitialDownload] Initial download nudge for Autofill
2026-10-03 05:05:29.889: [INFO][SyncManagerImpl::NudgeForInitialDownload] Initial download nudge for Extensions
2026-10-03 05:05:29.889: [INFO][SyncManagerImpl::NudgeForInitialDownload] Initial download nudge for Sessions
2026-10-03 05:05:29.889: [INFO][SyncManagerImpl::NudgeForInitialDownload] Initial download nudge for Extension settings
2026-10-03 05:05:29.889: [INFO][SyncManagerImpl::NudgeForInitialDownload] Initial download nudge for History Delete Directives
2026-10-03 05:05:29.889: [INFO][SyncManagerImpl::NudgeForInitialDownload] Initial download nudge for Send Tab To Self
2026-10-03 05:05:29.889: [INFO][SyncManagerImpl::NudgeForInitialDownload] Initial download nudge for Web Apps
2026-10-03 05:05:29.889: [INFO][SyncManagerImpl::NudgeForInitialDownload] Initial download nudge for History
2026-10-03 05:05:29.889: [INFO][SyncManagerImpl::NudgeForInitialDownload] Initial download nudge for Saved Tab Group
2026-10-03 05:05:29.889: [INFO][SyncManagerImpl::NudgeForInitialDownload] Initial download nudge for WebAuthn Credentials
2026-10-03 05:05:29.889: [INFO][SyncAuthManager::SetLastAuthError] Current auth error: None
2026-10-03 05:05:29.889: [INFO][SyncManagerImpl::NudgeForInitialDownload] Initial download nudge for Edge Hub App Usage
2026-10-03 05:05:29.889: [INFO][SyncManagerImpl::NudgeForInitialDownload] Initial download nudge for Edge Workspace
2026-10-03 05:05:29.889: [INFO][SyncManagerImpl::ConfigureSyncer] Types to download:  with reason: 4
2026-10-03 05:05:29.889: [INFO][SyncAuthManager::EdgeLogTokenErrorState] Token error with: None for account type: AAD
2026-10-03 05:05:29.889: [INFO][SyncEngineBackend::DoFinishConfigureDataTypes] Failed to download types:  and succeeded types: 
2026-10-03 05:05:29.889: [INFO][Sync] Credentials changed for: EdgeSyncScopeNew
2026-10-03 05:05:29.889: [INFO][SyncEngineBackend::DoUpdateCredentials] Update credentials
2026-10-03 05:05:29.889: [INFO][SyncEngineBackend::DoUpdateKeyDataCredentials] Update key data credentials
2026-10-03 05:05:29.891: [INFO][Sync] ConfigurationDone, failed: , succeeded: , remaining count: 3
2026-10-03 05:05:29.891: [INFO][SyncManagerImpl::ConfigureSyncer] Types to download:  with reason: 4
2026-10-03 05:05:29.891: [INFO][SyncEngineBackend::DoFinishConfigureDataTypes] Failed to download types:  and succeeded types: 
2026-10-03 05:05:29.891: [INFO][Sync] ConfigurationDone, failed: , succeeded: , remaining count: 2
2026-10-03 05:05:29.891: [INFO][Sync] Prepare to configure types: Bookmarks, Preferences, Autofill Profiles, Autofill, Extensions, Sessions, Extension settings, History Delete Directives, Send Tab To Self, Web Apps, Saved Tab Group, WebAuthn Credentials, Edge Hub App Usage, Edge Workspace, Encryption Keys
2026-10-03 05:05:29.891: [INFO][SyncManagerImpl::ConfigureSyncer] Types to download: Bookmarks, Preferences, Autofill Profiles, Autofill, Extensions, Sessions, Extension settings, History Delete Directives, Send Tab To Self, Web Apps, Saved Tab Group, WebAuthn Credentials, Edge Hub App Usage, Edge Workspace, Encryption Keys with reason: 4
2026-10-03 05:05:29.891: [INFO][SyncSchedulerImpl::DoConfigurationSyncCycleJob] Blocked types:  and types to download: Bookmarks, Preferences, Autofill Profiles, Autofill, Extensions, Sessions, Extension settings, History Delete Directives, Send Tab To Self, Web Apps, Saved Tab Group, WebAuthn Credentials, Edge Hub App Usage, Edge Workspace, Encryption Keys
2026-10-03 05:05:33.630: [INFO][Sync] Reset engine, reason: 0
2026-10-03 05:05:33.630: [INFO][Sync] Reset engine with reason: 0
2026-10-03 05:05:33.631: [INFO][SyncSchedulerImpl::OnSyncNetworkError] Syncer error: Network error (ERR_ABORTED)
2026-10-03 05:05:33.631: [INFO][SyncSchedulerImpl::DoConfigurationSyncCycleJob] Syncer error: Success
